// Jest Snapshot v1, https://goo.gl/fbAQLP

exports[`renders correctly 1`] = `
<RCTSafeAreaView
  style={
    {
      "backgroundColor": "#001C34",
      "flex": 1,
      "justifyContent": "center",
    }
  }
>
  <View
    style={
      {
        "marginHorizontal": 8,
      }
    }
  >
    <Image
      source={
        {
          "uri": "https://randomuser.me/api/portraits/women/41.jpg",
        }
      }
      style={
        {
          "borderTopLeftRadius": 8,
          "borderTopRightRadius": 8,
          "height": "50%",
          "width": "100%",
        }
      }
    />
    <RCTScrollView
      ListHeaderComponent={[Function]}
      data={
        [
          {
            "key": "index",
            "value": "0",
          },
          {
            "key": "caption",
            "value": "David",
          },
          {
            "key": "imageSrc",
            "value": "{"uri":"https://randomuser.me/api/portraits/women/41.jpg"}",
          },
        ]
      }
      getItem={[Function]}
      getItemCount={[Function]}
      initialNumToRender={3}
      keyExtractor={[Function]}
      onContentSizeChange={[Function]}
      onLayout={[Function]}
      onMomentumScrollBegin={[Function]}
      onMomentumScrollEnd={[Function]}
      onScroll={[Function]}
      onScrollBeginDrag={[Function]}
      onScrollEndDrag={[Function]}
      removeClippedSubviews={false}
      renderItem={[Function]}
      scrollEnabled={false}
      scrollEventThrottle={0.0001}
      stickyHeaderIndices={[]}
      style={
        {
          "backgroundColor": "#2D2C52",
          "borderBottomLeftRadius": 8,
          "borderBottomRightRadius": 8,
        }
      }
      viewabilityConfigCallbackPairs={[]}
    >
      <View>
        <View
          collapsable={false}
          onLayout={[Function]}
        >
          <View
            style={
              {
                "alignItems": "center",
                "flexDirection": "row",
                "padding": 8,
              }
            }
          >
            <Text
              style={
                {
                  "color": "white",
                  "fontWeight": "700",
                  "marginRight": 4,
                }
              }
            >
              OFF
            </Text>
            <RCTSwitch
              accessibilityRole="switch"
              onChange={[Function]}
              onResponderTerminationRequest={[Function]}
              onStartShouldSetResponder={[Function]}
              style={
                {
                  "height": 31,
                  "width": 51,
                }
              }
              value={false}
            />
          </View>
        </View>
        <View
          onFocusCapture={[Function]}
          onLayout={[Function]}
          style={null}
        >
          <View
            style={
              {
                "flexDirection": "column",
                "padding": 4,
              }
            }
          >
            <Text
              style={
                {
                  "color": "white",
                  "fontSize": 16,
                  "fontWeight": "bold",
                }
              }
            >
              index
            </Text>
            <Text
              style={
                {
                  "color": "white",
                  "fontSize": 14,
                }
              }
            >
              0
            </Text>
          </View>
        </View>
        <View
          onFocusCapture={[Function]}
          onLayout={[Function]}
          style={null}
        >
          <View
            style={
              {
                "flexDirection": "column",
                "padding": 4,
              }
            }
          >
            <Text
              style={
                {
                  "color": "white",
                  "fontSize": 16,
                  "fontWeight": "bold",
                }
              }
            >
              caption
            </Text>
            <Text
              style={
                {
                  "color": "white",
                  "fontSize": 14,
                }
              }
            >
              David
            </Text>
          </View>
        </View>
        <View
          onFocusCapture={[Function]}
          onLayout={[Function]}
          style={null}
        >
          <View
            style={
              {
                "flexDirection": "column",
                "padding": 4,
              }
            }
          >
            <Text
              style={
                {
                  "color": "white",
                  "fontSize": 16,
                  "fontWeight": "bold",
                }
              }
            >
              imageSrc
            </Text>
            <Text
              style={
                {
                  "color": "white",
                  "fontSize": 14,
                }
              }
            >
              {"uri":"https://randomuser.me/api/portraits/women/41.jpg"}
            </Text>
          </View>
        </View>
      </View>
    </RCTScrollView>
  </View>
  <react-native-thumbnail-selector
    initialIndex={0}
    onSelect={[Function]}
    thumbnails={
      [
        {
          "caption": "David",
          "imageSrc": {
            "uri": "https://randomuser.me/api/portraits/women/41.jpg",
          },
        },
        {
          "caption": "Brian",
          "imageSrc": {
            "uri": "https://reactnative.dev/img/tiny_logo.png",
          },
        },
        {
          "caption": "Gene",
          "imageSrc": {
            "uri": "https://randomuser.me/api/portraits/women/87.jpg",
          },
        },
        {
          "caption": "Jose",
          "imageSrc": {
            "uri": "https://randomuser.me/api/portraits/women/61.jpg",
          },
        },
        {
          "caption": "Jon",
          "imageSrc": {
            "uri": "https://randomuser.me/api/portraits/women/7.jpg",
          },
        },
        {
          "caption": "Craig",
          "imageSrc": {
            "uri": "https://randomuser.me/api/portraits/women/25.jpg",
          },
        },
        {
          "caption": "Sean",
          "imageSrc": {
            "uri": "https://randomuser.me/api/portraits/women/19.jpg",
          },
        },
        {
          "caption": "Anim cillum voluptate mollit esse reprehenderit anim enim elit veniam duis cupidatat irure.",
          "imageSrc": {
            "uri": "https://reactnative.dev/img/tiny_logo.png",
          },
        },
        {
          "caption": "Enim incididunt",
          "imageSrc": {
            "uri": "https://reactnative.dev/img/tiny_logo.png",
          },
        },
        {
          "caption": undefined,
          "imageSrc": {
            "uri": "https://randomuser.me/api/portraits/women/25.jpg",
          },
        },
        {
          "caption": "",
          "imageSrc": {
            "uri": "https://randomuser.me/api/portraits/women/83.jpg",
          },
        },
        {
          "caption": "Cleveland Guardians",
          "imageSrc": {
            "testUri": "../../../assets/cg.png",
          },
        },
        {
          "caption": "Milwaukee Brewers",
          "imageSrc": {
            "testUri": "../../../assets/mb.png",
          },
        },
        {
          "caption": "New York Mets",
          "imageSrc": {
            "testUri": "../../../assets/nym.png",
          },
        },
        {
          "caption": "New York Yankees",
          "imageSrc": {
            "testUri": "../../../assets/nyy.png",
          },
        },
        {
          "caption": "Oakland A's",
          "imageSrc": {
            "testUri": "../../../assets/oa.png",
          },
        },
        {
          "caption": "San Diego Padres",
          "imageSrc": {
            "testUri": "../../../assets/sdp.png",
          },
        },
      ]
    }
    toggle={[Function]}
  />
</RCTSafeAreaView>
`;
